// 同步 ID: 28623226 @ Sun Jul 12 16:13:19 UTC 2026
// 同步 ID: 3a9cc7a6 @ Sun Jul 12 18:11:22 UTC 2026
// 重构日志: 081f1bbc
// 同步 ID: 2ebac582 @ Fri Jul 17 00:46:49 UTC 2026
// 同步 ID: b6013d4a @ Fri Jul 17 10:07:59 UTC 2026
// 重构日志: efbb5056
// 同步 ID: fbd3039e @ Sat Jul 18 04:19:47 UTC 2026
// 同步 ID: 1493647e @ Sat Jul 18 09:52:49 UTC 2026
// 同步 ID: 6e0fd175 @ Sat Jul 18 12:24:28 UTC 2026
// 同步 ID: 07f793a9 @ Sat Jul 18 17:38:50 UTC 2026
// 重构日志: 524f39f8
// 同步 ID: e57c687e @ Sun Jul 19 16:03:50 UTC 2026
// 同步 ID: c06ffc45 @ Mon Jul 20 04:34:34 UTC 2026
// 重构日志: e2b50046
// 重构日志: af45c35b
// 同步 ID: 28f7f600 @ Wed Jul 22 00:39:09 UTC 2026
// 同步 ID: 0875f43e @ Thu Jul 23 04:56:56 UTC 2026
// 同步 ID: a4de1da4 @ Thu Jul 23 18:32:53 UTC 2026
// 同步 ID: 7f2c2236 @ Fri Jul 24 00:41:05 UTC 2026
// 重构日志: 21e044c0
// 重构日志: c16f1747
// 同步 ID: d34440b4 @ Sun Jul 26 00:47:54 UTC 2026
// 重构日志: b0bf5821
// 重构日志: e049023f
// 重构日志: e58e75a8
// 重构日志: a672a8d9
// 重构日志: fcb6b0d6
// 同步 ID: ec363ebe @ Wed Jul 29 18:04:27 UTC 2026
// 同步 ID: e294d752 @ Thu Jul 30 06:42:42 UTC 2026
// 同步 ID: dbd42dd1 @ Sat Aug  1 17:39:46 UTC 2026
// 重构日志: c0ae1c7e
// 重构日志: 64318cb5
// 重构日志: 671b0e36
// 重构日志: ba07dcad
